[Licensing::Module] Trying to connect to existing licensing client channel...
[Licensing::IpcConnector] Successfully connected to: "LicenseClient-PC-54" at "2026-07-01T09:09:22.7229586Z"
[Licensing::Client] Code 10 while verifying Licensing Client signature (process Id: 14912, path: "C:/Program Files/Unity/Hub/Editor/2022.3.62f3/Editor/Data/Resources/Licensing/Client/Unity.Licensing.Client.exe")
[Licensing::Module] LicensingClient has failed validation; ignoring
[Licensing::Client] Handshaking with LicensingClient:
  Version:                 1.16.2+bdef8f5
  Session Id:              d53b6bc3c7184d9ebf069a91dfcbb999
  Correlation Id:          b6b1a3dc44369a2a582cba6234a2dfdd
  External correlation Id: 9140209956987816418
  Machine Id:              6z7xG4lA7tnd6/+sdSgd0G/nB8I=
[Licensing::Module] Successfully connected to LicensingClient on channel: "LicenseClient-PC-54" (connect: 0.00s, validation: 0.01s, handshake: 0.07s)
[Licensing::IpcConnector] Successfully connected to: "LicenseClient-PC-54-notifications" at "2026-07-01T09:09:22.8026799Z"
[Licensing::Module] Error: Access token is unavailable; failed to update
[Licensing::Client] Successfully updated license
Built from '2022.3/respin/2022.3.62f2-4af31df585-v2' branch; Version is '2022.3.62f3 (96770f904ca7) revision 9860879'; Using compiler version '192829333'; Build Type 'Release'
OS: 'Windows 11  (10.0.26200) 64bit Professional' Language: 'ko' Physical Memory: 32405 MB
[Licensing::Client] Successfully resolved entitlement details
[Licensing::Module] Serial number assigned to: "14569687781412-stoic-program-UnityPrXXXX"
BatchMode: 1, IsHumanControllingUs: 0, StartBugReporterOnCrash: 0, Is64bit: 1, IsPro: 1
[Licensing::Client] Successfully resolved entitlement details

COMMAND LINE ARGUMENTS:
C:\Program Files\Unity\Hub\Editor\2022.3.62f3\Editor\Unity.exe
-batchmode
-quit
-projectPath
C:\Development\14_LT\LotteryFantasy
-executeMethod
LotteryFantasyEditModeTestRunner.RunEnergyFeedbackTests
-lfTestFilter
SpinOutcomeAdvisorTests
-lfTestResults
C:\Development\14_LT\LotteryFantasy\TestResults-SpinOutcomeAdvisor-commit-fixed.xml
-logFile
C:\Development\14_LT\unity-spin-advisor-commit-fixed-2.log
Successfully changed project path to: C:\Development\14_LT\LotteryFantasy
C:/Development/14_LT/LotteryFantasy
It looks like another Unity instance is running with this project open.

Multiple Unity instances cannot open the same project.

Project: C:/Development/14_LT/LotteryFantasy
Fatal Error! It looks like another Unity instance is running with this project open.

Multiple Unity instances cannot open the same project.

Project: C:/Development/14_LT/LotteryFantasy
Crash!!!
SymInit: Symbol-SearchPath: 'C:/Program Files/Unity/Hub/Editor/2022.3.62f3/Editor/Data/Mono;.;C:\Development\14_LT\LotteryFantasy;C:\Development\14_LT\LotteryFantasy\Library\BurstCache\JIT;C:\Program Files\Unity\Hub\Editor\2022.3.62f3\Editor;C:\Windows;C:\Windows\system32;', symOptions: 534, UserName: 'PC-54'
OS-Version: 10.0.0
C:\Program Files\Unity\Hub\Editor\2022.3.62f3\Editor\Unity.exe:Unity.exe (00007FF79CF10000), size: 83107840 (result: 0), SymType: '-deferred-', PDB: '', fileVersion: 2022.3.62.30479
C:\Windows\SYSTEM32\ntdll.dll:ntdll.dll (00007FFFF24E0000), size: 2514944 (result: 0), SymType: '-deferred-', PDB: '', fileVersion: 10.0.26100.8521
C:\Windows\System32\KERNEL32.DLL:KERNEL32.DLL (00007FFFF0750000), size: 823296 (result: 0), SymType: '-deferred-', PDB: '', fileVersion: 10.0.26100.8521
C:\Windows\System32\KERNELBASE.dll:KERNELBASE.dll (00007FFFEF8F0000), size: 4169728 (result: 0), SymType: '-deferred-', PDB: '', fileVersion: 10.0.26100.8655
C:\Windows\System32\CRYPT32.dll:CRYPT32.dll (00007FFFF0040000), size: 1540096 (result: 0), SymType: '-deferred-', PDB: '', fileVersion: 10.0.26100.8521
C:\Windows\System32\ucrtbase.dll:ucrtbase.dll (00007FFFEF7A0000), size: 1359872 (result: 0), SymType: '-deferred-', PDB: '', fileVersion: 10.0.26100.8521
C:\Windows\System32\USER32.dll:USER32.dll (00007FFFF0390000), size: 1863680 (result: 0), SymType: '-deferred-', PDB: '', fileVersion: 10.0.26100.8521
C:\Windows\System32\win32u.dll:win32u.dll (00007FFFEF770000), size: 159744 (result: 0), SymType: '-deferred-', PDB: '', fileVersion: 10.0.26100.8655
C:\Windows\System32\GDI32.dll:GDI32.dll (00007FFFF1340000), size: 176128 (result: 0), SymType: '-deferred-', PDB: '', fileVersion: 10.0.26100.8328
C:\Windows\System32\gdi32full.dll:gdi32full.dll (00007FFFEFF10000), size: 1224704 (result: 0), SymType: '-deferred-', PDB: '', fileVersion: 10.0.26100.8521
C:\Program Files\Unity\Hub\Editor\2022.3.62f3\Editor\libfbxsdk.dll:libfbxsdk.dll (00007FFF78890000), size: 8019968 (result: 0), SymType: '-deferred-', PDB: '', fileVersion: 2020.3.7.0
C:\Program Files\Unity\Hub\Editor\2022.3.62f3\Editor\s3tcompress.dll:s3tcompress.dll (00007FFFD6C50000), size: 180224 (result: 0), SymType: '-deferred-', PDB: ''
C:\Program Files\Unity\Hub\Editor\2022.3.62f3\Editor\etccompress.dll:etccompress.dll (00007FFF7BEE0000), size: 5070848 (result: 0), SymType: '-deferred-', PDB: ''
C:\Windows\System32\ADVAPI32.dll:ADVAPI32.dll (00007FFFF2390000), size: 745472 (result: 0), SymType: '-deferred-', PDB: '', fileVersion: 10.0.26100.8521
C:\Windows\System32\msvcp_win.dll:msvcp_win.dll (00007FFFEFCF0000), size: 667648 (result: 0), SymType: '-deferred-', PDB: '', fileVersion: 10.0.26100.8521
C:\Windows\System32\msvcrt.dll:msvcrt.dll (00007FFFF1370000), size: 692224 (result: 0), SymType: '-deferred-', PDB: '', fileVersion: 7.0.26100.8246
C:\Windows\System32\SHELL32.dll:SHELL32.dll (00007FFFF1B80000), size: 7880704 (result: 0), SymType: '-deferred-', PDB: '', fileVersion: 10.0.26100.8655
C:\Windows\System32\sechost.dll:sechost.dll (00007FFFF02E0000), size: 696320 (result: 0), SymType: '-deferred-', PDB: '', fileVersion: 10.0.26100.8521
C:\Program Files\Unity\Hub\Editor\2022.3.62f3\Editor\ispc_texcomp.dll:ispc_texcomp.dll (00007FFFCE0A0000), size: 1826816 (result: 0), SymType: '-deferred-', PDB: ''
C:\Program Files\Unity\Hub\Editor\2022.3.62f3\Editor\compress_bc7e.dll:compress_bc7e.dll (00007FFFC7580000), size: 1433600 (result: 0), SymType: '-deferred-', PDB: ''
C:\Windows\System32\RPCRT4.dll:RPCRT4.dll (00007FFFF1590000), size: 1146880 (result: 0), SymType: '-deferred-', PDB: '', fileVersion: 10.0.26100.8521
C:\Windows\System32\SHLWAPI.dll:SHLWAPI.dll (00007FFFF1420000), size: 421888 (result: 0), SymType: '-deferred-', PDB: '', fileVersion: 10.0.26100.8521
C:\Program Files\Unity\Hub\Editor\2022.3.62f3\Editor\FreeImage.dll:FreeImage.dll (0000000180000000), size: 5783552 (result: 0), SymType: '-deferred-', PDB: '', fileVersion: 3.18.0.0
C:\Windows\System32\ole32.dll:ole32.dll (00007FFFF08B0000), size: 1671168 (result: 0), SymType: '-deferred-', PDB: '', fileVersion: 10.0.26100.8521
C:\Windows\System32\WS2_32.dll:WS2_32.dll (00007FFFF0820000), size: 524288 (result: 0), SymType: '-deferred-', PDB: '', fileVersion: 10.0.26100.8521
C:\Program Files\Unity\Hub\Editor\2022.3.62f3\Editor\WinPixEventRuntime.dll:WinPixEventRuntime.dll (00007FFFE9C60000), size: 45056 (result: 0), SymType: '-deferred-', PDB: '', fileVersion: 1.0.1812.6001
C:\Windows\System32\combase.dll:combase.dll (00007FFFF0B10000), size: 3682304 (result: 0), SymType: '-deferred-', PDB: '', fileVersion: 10.0.26100.8521
C:\Program Files\Unity\Hub\Editor\2022.3.62f3\Editor\umbraoptimizer64.dll:umbraoptimizer64.dll (00007FFFC7450000), size: 1187840 (result: 0), SymType: '-deferred-', PDB: ''
C:\Windows\System32\IMM32.dll:IMM32.dll (00007FFFF16B0000), size: 204800 (result: 0), SymType: '-deferred-', PDB: '', fileVersion: 10.0.26100.8521
C:\Windows\System32\SETUPAPI.dll:SETUPAPI.dll (00007FFFF0EB0000), size: 4747264 (result: 0), SymType: '-deferred-', PDB: '', fileVersion: 10.0.26100.8521
C:\Windows\System32\OLEAUT32.dll:OLEAUT32.dll (00007FFFF1AA0000), size: 888832 (result: 0), SymType: '-deferred-', PDB: '', fileVersion: 10.0.26100.8655
C:\Windows\System32\WINTRUST.dll:WINTRUST.dll (00007FFFF01C0000), size: 536576 (result: 0), SymType: '-deferred-', PDB: '', fileVersion: 10.0.26100.8521
C:\Windows\SYSTEM32\MSVCP140.dll:MSVCP140.dll (00007FFFD4D40000), size: 561152 (result: 0), SymType: '-deferred-', PDB: '', fileVersion: 14.44.35211.0
C:\Windows\SYSTEM32\VCRUNTIME140.dll:VCRUNTIME140.dll (00007FFFD26B0000), size: 122880 (result: 0), SymType: '-deferred-', PDB: '', fileVersion: 14.44.35211.0
C:\Windows\SYSTEM32\VCRUNTIME140_1.dll:VCRUNTIME140_1.dll (00007FFFD5D70000), size: 49152 (result: 0), SymType: '-deferred-', PDB: '', fileVersion: 14.44.35211.0
C:\Windows\SYSTEM32\OPENGL32.dll:OPENGL32.dll (00007FFF61720000), size: 1097728 (result: 0), SymType: '-deferred-', PDB: '', fileVersion: 10.0.26100.8521
C:\Windows\SYSTEM32\IPHLPAPI.DLL:IPHLPAPI.DLL (00007FFFEDEA0000), size: 208896 (result: 0), SymType: '-deferred-', PDB: '', fileVersion: 10.0.26100.8655
C:\Windows\SYSTEM32\GLU32.dll:GLU32.dll (00007FFFCE720000), size: 184320 (result: 0), SymType: '-deferred-', PDB: '', fileVersion: 10.0.26100.1150
C:\Windows\SYSTEM32\WINHTTP.dll:WINHTTP.dll (00007FFFE90F0000), size: 1216512 (result: 0), SymType: '-deferred-', PDB: '', fileVersion: 10.0.26100.8521
C:\Windows\SYSTEM32\WINMM.dll:WINMM.dll (00007FFFE3730000), size: 221184 (result: 0), SymType: '-deferred-', PDB: '', fileVersion: 10.0.26100.8521
C:\Windows\SYSTEM32\bcrypt.dll:bcrypt.dll (00007FFFEF660000), size: 172032 (result: 0), SymType: '-deferred-', PDB: '', fileVersion: 10.0.26100.8521
C:\Windows\SYSTEM32\HID.DLL:HID.DLL (00007FFFEDBA0000), size: 61440 (result: 0), SymType: '-deferred-', PDB: '', fileVersion: 10.0.26100.1150
C:\Windows\SYSTEM32\dwmapi.dll:dwmapi.dll (00007FFFECC60000), size: 192512 (result: 0), SymType: '-deferred-', PDB: '', fileVersion: 10.0.26100.8521
C:\Program Files\Unity\Hub\Editor\2022.3.62f3\Editor\NativeProxyHelper.dll:NativeProxyHelper.dll (00007FFFC7110000), size: 1789952 (result: 0), SymType: '-deferred-', PDB: ''
C:\Program Files\Unity\Hub\Editor\2022.3.62f3\Editor\SketchUpAPI.dll:SketchUpAPI.dll (00007FFF768D0000), size: 8990720 (result: 0), SymType: '-deferred-', PDB: '', fileVersion: 23.0.0.0
C:\Windows\SYSTEM32\VERSION.dll:VERSION.dll (00007FFFE8D00000), size: 45056 (result: 0), SymType: '-deferred-', PDB: '', fileVersion: 10.0.26100.1150
C:\Windows\SYSTEM32\WSOCK32.dll:WSOCK32.dll (00007FFFEC620000), size: 40960 (result: 0), SymType: '-deferred-', PDB: '', fileVersion: 10.0.26100.1
C:\Program Files\Unity\Hub\Editor\2022.3.62f3\Editor\SketchUpCommonPreferences.dll:SketchUpCommonPreferences.dll (00007FFFC80F0000), size: 499712 (result: 0), SymType: '-deferred-', PDB: '', fileVersion: 23.0.0.0
C:\Windows\SYSTEM32\Secur32.dll:Secur32.dll (00007FFFEC7F0000), size: 53248 (result: 0), SymType: '-deferred-', PDB: '', fileVersion: 10.0.26100.7705
C:\Windows\SYSTEM32\dxcore.dll:dxcore.dll (00007FFFECBF0000), size: 278528 (result: 0), SymType: '-deferred-', PDB: '', fileVersion: 10.0.26100.8521
C:\Windows\SYSTEM32\SSPICLI.DLL:SSPICLI.DLL (00007FFFEE760000), size: 299008 (result: 0), SymType: '-deferred-', PDB: '', fileVersion: 10.0.26100.8521
C:\Program Files\Unity\Hub\Editor\2022.3.62f3\Editor\OpenRL.dll:OpenRL.dll (000002B585530000), size: 12779520 (result: 0), SymType: '-deferred-', PDB: '', fileVersion: 1.5.0.2907
C:\Windows\SYSTEM32\cfgmgr32.DLL:cfgmgr32.DLL (00007FFFEF400000), size: 331776 (result: 0), SymType: '-deferred-', PDB: '', fileVersion: 10.0.26100.8115
C:\Windows\SYSTEM32\MSVCP100.dll:MSVCP100.dll (00000000585B0000), size: 622592 (result: 0), SymType: '-deferred-', PDB: '', fileVersion: 10.0.40219.325
C:\Windows\SYSTEM32\MSVCR100.dll:MSVCR100.dll (0000000055F80000), size: 860160 (result: 0), SymType: '-deferred-', PDB: '', fileVersion: 10.0.40219.325
C:\Program Files\Unity\Hub\Editor\2022.3.62f3\Editor\embree.dll:embree.dll (00007FFF72070000), size: 16711680 (result: 0), SymType: '-deferred-', PDB: '', fileVersion: 2.14.0.0
C:\Windows\SYSTEM32\MSWSOCK.DLL:MSWSOCK.DLL (00007FFFEEA10000), size: 442368 (result: 0), SymType: '-deferred-', PDB: '', fileVersion: 10.0.26100.8521
C:\Program Files\Unity\Hub\Editor\2022.3.62f3\Editor\tbb.dll:tbb.dll (00007FFFC7F70000), size: 413696 (result: 0), SymType: '-deferred-', PDB: '', fileVersion: 2017.0.2016.1004
C:\Windows\SYSTEM32\MSVCP120.dll:MSVCP120.dll (00007FFFC73A0000), size: 679936 (result: 0), SymType: '-deferred-', PDB: '', fileVersion: 12.0.40664.0
C:\Windows\SYSTEM32\MSVCR120.dll:MSVCR120.dll (00007FFFC7DA0000), size: 978944 (result: 0), SymType: '-deferred-', PDB: '', fileVersion: 12.0.40664.0
C:\Program Files\Unity\Hub\Editor\2022.3.62f3\Editor\OpenRL_pthread.dll:OpenRL_pthread.dll (000002B586180000), size: 61440 (result: 0), SymType: '-deferred-', PDB: '', fileVersion: 2.9.0.0
C:\Windows\SYSTEM32\MSASN1.dll:MSASN1.dll (00007FFFEEE70000), size: 77824 (result: 0), SymType: '-deferred-', PDB: '', fileVersion: 10.0.26100.8246
C:\Windows\System32\bcryptprimitives.dll:bcryptprimitives.dll (00007FFFEFE60000), size: 688128 (result: 0), SymType: '-deferred-', PDB: '', fileVersion: 10.0.26100.8328
C:\Windows\SYSTEM32\kernel.appcore.dll:kernel.appcore.dll (00007FFFEE4C0000), size: 110592 (result: 0), SymType: '-deferred-', PDB: '', fileVersion: 10.0.26100.8521
C:\Windows\system32\uxtheme.dll:uxtheme.dll (00007FFFEC960000), size: 696320 (result: 0), SymType: '-deferred-', PDB: '', fileVersion: 10.0.26100.8521
C:\Windows\SYSTEM32\windows.storage.dll:windows.storage.dll (00007FFFED310000), size: 8912896 (result: 0), SymType: '-deferred-', PDB: '', fileVersion: 10.0.26100.8655
C:\Windows\System32\SHCORE.dll:SHCORE.dll (00007FFFF1490000), size: 1007616 (result: 0), SymType: '-deferred-', PDB: '', fileVersion: 10.0.26100.8655
C:\Windows\SYSTEM32\profapi.dll:profapi.dll (00007FFFEF690000), size: 167936 (result: 0), SymType: '-deferred-', PDB: '', fileVersion: 10.0.26100.8521
C:\Windows\SYSTEM32\CRYPTSP.dll:CRYPTSP.dll (00007FFFEEE10000), size: 110592 (result: 0), SymType: '-deferred-', PDB: '', fileVersion: 10.0.26100.8521
C:\Windows\system32\rsaenh.dll:rsaenh.dll (00007FFFEE420000), size: 233472 (result: 0), SymType: '-deferred-', PDB: '', fileVersion: 10.0.26100.7705
C:\Windows\SYSTEM32\CRYPTBASE.dll:CRYPTBASE.dll (00007FFFEEC70000), size: 49152 (result: 0), SymType: '-deferred-', PDB: '', fileVersion: 10.0.26100.8246
C:\Windows\System32\imagehlp.dll:imagehlp.dll (00007FFFF0720000), size: 131072 (result: 0), SymType: '-deferred-', PDB: '', fileVersion: 10.0.26100.4202
C:\Windows\SYSTEM32\gpapi.dll:gpapi.dll (00007FFFEEA80000), size: 192512 (result: 0), SymType: '-deferred-', PDB: '', fileVersion: 10.0.26100.8521
C:\Windows\System32\cryptnet.dll:cryptnet.dll (00007FFFE8C70000), size: 241664 (result: 0), SymType: '-deferred-', PDB: '', fileVersion: 10.0.26100.8521
C:\Windows\SYSTEM32\WINNSI.DLL:WINNSI.DLL (00007FFFEC940000), size: 57344 (result: 0), SymType: '-deferred-', PDB: '', fileVersion: 10.0.26100.8246
C:\Windows\System32\NSI.dll:NSI.dll (00007FFFF0B00000), size: 40960 (result: 0), SymType: '-deferred-', PDB: '', fileVersion: 10.0.26100.8246
C:\Windows\system32\IconCodecService.dll:IconCodecService.dll (00007FFF86280000), size: 45056 (result: 0), SymType: '-deferred-', PDB: '', fileVersion: 10.0.26100.1
C:\Windows\SYSTEM32\WindowsCodecs.dll:WindowsCodecs.dll (00007FFFEAEC0000), size: 2277376 (result: 0), SymType: '-deferred-', PDB: '', fileVersion: 10.0.26100.8655
C:\Windows\System32\clbcatq.dll:clbcatq.dll (00007FFFF19E0000), size: 712704 (result: 0), SymType: '-deferred-', PDB: '', fileVersion: 2001.12.10941.16384
C:\Windows\System32\netprofm.dll:netprofm.dll (00007FFFEA1A0000), size: 450560 (result: 0), SymType: '-deferred-', PDB: '', fileVersion: 10.0.26100.8521
C:\Windows\System32\npmproxy.dll:npmproxy.dll (00007FFFE8790000), size: 102400 (result: 0), SymType: '-deferred-', PDB: '', fileVersion: 10.0.26100.8328
C:\Windows\SYSTEM32\dbghelp.dll:dbghelp.dll (00007FFFDAC20000), size: 2367488 (result: 0), SymType: '-deferred-', PDB: '', fileVersion: 10.0.26100.8328

========== OUTPUTTING STACK TRACE ==================

0x00007FFFEF9B1B6A (KERNELBASE) RaiseException
0x00007FF79EBAD460 (Unity) EditorMonoConsole::LogToConsoleImplementation
0x00007FF79EBADE4C (Unity) EditorMonoConsole::LogToConsoleImplementation
0x00007FF79F840C5F (Unity) DebugStringToFilePostprocessedStacktrace
0x00007FF79F8403BA (Unity) DebugStringToFile
0x00007FF79ED19877 (Unity) HandleProjectAlreadyOpenInAnotherInstance
0x00007FF79ED1BE18 (Unity) Application::InitializeProject
0x00007FF79F199015 (Unity) WinMain
0x00007FF7A055B3EE (Unity) __scrt_common_main_seh
0x00007FFFF077E957 (KERNEL32) BaseThreadInitThunk
0x00007FFFF2567C1C (ntdll) RtlUserThreadStart

========== END OF STACKTRACE ===========

A crash has been intercepted by the crash handler. For call stack and other details, see the latest crash report generated in:
 * C:/Users/ojinwoo/AppData/Local/Temp/Unity/Editor/Crashes
